// Jest Snapshot v1, https://goo.gl/fbAQLP

exports[`adapter can fetch features and stats from mocked API with no region stats 1`] = `
{
  "basesCovered": 1000001,
  "featureCount": 1,
  "featureDensity": 9.99999000001e-7,
}
`;
